unpack /workspace/public/media/v4/origin.nar4
  A-S00-svd                     S00   32.78/27.17  seamR 1.21  extra 0KB  rss=454
  L-S00-s8                      S00   32.97/28.25  seamR 1.18  extra 108KB  rss=557
  L-S00-s4                      S00   33.13/28.25  seamR 1.17  extra 192KB  rss=557
  L-S00-s2                      S00   33.44/28.25  seamR 1.14  extra 364KB  rss=557
  L-S00-s1                      S00   34.09/31.82  seamR 1.14  extra 711KB  rss=557
  L-S00-s1-all                  S00   34.28/31.82  seamR 1.13  extra 906KB  rss=557
  L-S00-s1-q30                  S00   33.88/31.10  seamR 1.15  extra 511KB  rss=557
  L-S00-tiles                   S00   34.11/31.56  seamR 1.16  extra 1299KB  rss=557
  painted S00 rss=454MB
  A-S01-svd                     S01   37.54/34.09  seamR 1.28  extra 0KB  rss=621
  painted S01 rss=467MB
  A-S02-svd                     S02   36.51/33.46  seamR 1.24  extra 0KB  rss=592
  painted S02 rss=486MB
  A-S03-svd                     S03   32.72/28.05  seamR 1.44  extra 0KB  rss=671
  L-S03-s8                      S03   32.89/28.05  seamR 1.30  extra 52KB  rss=766
  L-S03-s4                      S03   33.08/28.08  seamR 1.30  extra 107KB  rss=766
  L-S03-s2                      S03   33.46/28.08  seamR 1.30  extra 222KB  rss=766
  L-S03-s1                      S03   34.18/32.77  seamR 1.30  extra 433KB  rss=766
  L-S03-s1-all                  S03   34.76/32.77  seamR 1.22  extra 677KB  rss=766
  L-S03-s1-q30                  S03   34.00/32.33  seamR 1.32  extra 334KB  rss=766
  painted S03 rss=671MB
  A-S04-svd                     S04   38.96/38.26  seamR 1.04  extra 0KB  rss=703
  painted S04 rss=631MB
  A-S05-svd                     S05   36.34/35.73  seamR 1.04  extra 0KB  rss=723
  painted S05 rss=650MB
  A-S06-svd                     S06   31.46/30.19  seamR 1.64  extra 0KB  rss=879
  L-S06-s8                      S06   31.75/30.19  seamR 1.53  extra 177KB  rss=988
  L-S06-s4                      S06   32.03/30.19  seamR 1.52  extra 349KB  rss=988
  L-S06-s2                      S06   32.62/30.29  seamR 1.45  extra 709KB  rss=988
  L-S06-s1                      S06   33.79/33.23  seamR 1.32  extra 1412KB  rss=988
  L-S06-s1-all                  S06   33.79/33.23  seamR 1.32  extra 1412KB  rss=988
  L-S06-s1-q30                  S06   33.30/32.68  seamR 1.39  extra 1048KB  rss=988
  L-S06-tiles                   S06   33.51/32.98  seamR 1.45  extra 2038KB  rss=988
  painted S06 rss=879MB
  A-S07-svd                     S07   34.89/27.47  seamR 1.19  extra 0KB  rss=1198
  painted S07 rss=867MB
  A-S08-svd                     S08   35.66/34.84  seamR 1.11  extra 0KB  rss=907
  painted S08 rss=851MB
  A-S09-svd                     S09   35.18/31.95  seamR 1.30  extra 0KB  rss=1158
  L-S09-s8                      S09   35.18/31.95  seamR 1.30  extra 0KB  rss=1299
  L-S09-s4                      S09   35.18/31.95  seamR 1.30  extra 0KB  rss=1299
  L-S09-s2                      S09   35.18/31.95  seamR 1.30  extra 0KB  rss=1299
  L-S09-s1                      S09   35.18/31.95  seamR 1.30  extra 0KB  rss=1299
  L-S09-s1-all                  S09   36.90/35.88  seamR 1.15  extra 556KB  rss=1299
  L-S09-s1-q30                  S09   35.18/31.95  seamR 1.30  extra 0KB  rss=1299
  L-S09-tiles                   S09   36.77/35.64  seamR 1.19  extra 614KB  rss=1299
  painted S09 rss=1159MB
  A-S10-svd                     S10   33.66/30.02  seamR 1.21  extra 0KB  rss=1299
  painted S10 rss=1159MB
  A-S11-svd                     S11   34.38/28.28  seamR 1.43  extra 0KB  rss=1454
  painted S11 rss=1159MB
  A-S12-svd                     S12   32.70/31.33  seamR 1.36  extra 0KB  rss=1337
  painted S12 rss=1159MB
  A-S13-svd                     S13   31.85/30.16  seamR 1.49  extra 0KB  rss=1257
  L-S13-s8                      S13   32.06/30.16  seamR 1.23  extra 64KB  rss=1306
  L-S13-s4                      S13   32.26/30.16  seamR 1.23  extra 127KB  rss=1306
  L-S13-s2                      S13   32.66/30.16  seamR 1.23  extra 249KB  rss=1306
  L-S13-s1                      S13   33.45/32.27  seamR 1.23  extra 504KB  rss=1306
  L-S13-s1-all                  S13   33.45/32.27  seamR 1.23  extra 504KB  rss=1306
  L-S13-s1-q30                  S13   33.06/32.01  seamR 1.27  extra 369KB  rss=1306
  painted S13 rss=1257MB
  A-S14-svd                     S14   32.24/28.22  seamR 1.36  extra 0KB  rss=1923
  painted S14 rss=1275MB
svd+leftover 109.7s  rss=1275MB
  L-EP-s8                       EP   33.95/28.05  seamR 0.00  extra 855KB  rss=1275
  L-EP-s4                       EP   34.07/28.08  seamR 0.00  extra 1644KB  rss=1275
  L-EP-s2                       EP   34.32/28.08  seamR 0.00  extra 3249KB  rss=1275
  L-EP-s1                       EP   34.82/31.34  seamR 0.00  extra 6450KB  rss=1275
  L-EP-s1-all                   EP   35.68/31.82  seamR 0.00  extra 10219KB  rss=1275
  L-EP-s1-q30                   EP   34.66/31.10  seamR 0.00  extra 4871KB  rss=1275
unpack /workspace/public/media/v4/origin.nar4 from_overlap=True have=54
  dropped unused shots rss=228MB
resume D+O
  loaded S00 rss=434MB
  loaded S06 rss=653MB
  loaded S09 rss=939MB
  D-S09-ov1                     S09   35.32/32.16  seamR 1.28  extra 0KB  rss=1080
  D-S09-ov2                     S09   35.31/32.17  seamR 1.28  extra 0KB  rss=1080
  D-S09-ov4                     S09   35.22/32.08  seamR 1.27  extra 0KB  rss=1080
  D-S06-ov1                     S06   31.70/30.41  seamR 1.57  extra 0KB  rss=1049
  D-S06-ov2                     S06   31.68/30.39  seamR 1.58  extra 0KB  rss=1049
  D-S06-ov4                     S06   31.58/30.31  seamR 1.58  extra 0KB  rss=1049
  D-S00-ov1                     S00   32.92/27.32  seamR 1.18  extra 0KB  rss=1042
  D-S00-ov2                     S00   32.89/27.33  seamR 1.18  extra 0KB  rss=1042
  D-S00-ov4                     S00   32.80/27.33  seamR 1.18  extra 0KB  rss=1042
  crops S06 rss=940MB
  crops S09 rss=940MB
overlap prep rss=735MB keep ['S06', 'S09']
overlap S09 hop-4 tiles~15105
    fit 15105 hop-4 tiles T=200 rss=735MB
    row 16/95 rss=735MB
    row 32/95 rss=737MB
    row 48/95 rss=737MB
    row 64/95 rss=737MB
    row 80/95 rss=737MB
  O-S09-h4                      S09   37.23/34.63  seamR 1.07  extra 3295KB  rss=878
overlap S06 hop-4 tiles~15105
    fit 15105 hop-4 tiles T=156 rss=737MB
    row 16/95 rss=737MB
    row 32/95 rss=737MB
    row 48/95 rss=737MB
    row 64/95 rss=737MB
    row 80/95 rss=737MB
  O-S06-h4                      S06   34.55/32.48  seamR 1.08  extra 13496KB  rss=885
  OL-S06-s8                     S06   34.77/32.48  seamR 1.09  extra 13620KB  rss=994
  OL-S06-s1                     S06   36.37/35.15  seamR 1.14  extra 14512KB  rss=994
done 162.0s  rss=775MB
wrote /workspace/attempts/v4.1/blockiness.md
